2026-07-27 14:34:37,570 [INFO] Chưa có data → fetch 90 ngày: 2026-04-28 → 2026-07-26
2026-07-27 14:34:38,015 [INFO] Failed to extract font properties from /usr/share/fonts/truetype/noto/NotoColorEmoji.ttf: Non-scalable fonts are not supported
2026-07-27 14:34:38,093 [INFO] generated new fontManager
2026-07-27 14:34:41,675 [INFO] Device registered: 54e2013a3767e629ef5a2af9440722cc (version 0.0.1)
2026-07-27 14:34:49,625 [INFO] VCB: ✓ 62 dòng
2026-07-27 14:34:53,457 [INFO] VIC: ✓ 62 dòng
2026-07-27 14:34:57,358 [INFO] VHM: ✓ 62 dòng
2026-07-27 14:35:01,299 [INFO] HPG: ✓ 62 dòng
2026-07-27 14:35:05,666 [INFO] TCB: ✓ 62 dòng
2026-07-27 14:35:09,145 [INFO] MBB: ✓ 62 dòng
2026-07-27 14:35:12,612 [INFO] VNM: ✓ 62 dòng
2026-07-27 14:35:17,276 [INFO] FPT: ✓ 62 dòng
2026-07-27 14:35:21,638 [INFO] MSN: ✓ 62 dòng
2026-07-27 14:35:25,680 [INFO] BID: ✓ 62 dòng
2026-07-27 14:35:25,681 [INFO] === Xong: 10/10 tickers | 620 dòng mới ===
2026-07-28 16:53:32,197 [INFO] Fetch từ 2026-07-25 → 2026-07-27
2026-07-28 16:53:32,637 [INFO] Failed to extract font properties from /usr/share/fonts/truetype/noto/NotoColorEmoji.ttf: Non-scalable fonts are not supported
2026-07-28 16:53:32,719 [INFO] generated new fontManager
2026-07-28 16:53:35,172 [INFO] Device registered: 54e2013a3767e629ef5a2af9440722cc (version 0.0.1)
2026-07-28 16:53:41,596 [INFO] VCB: ✓ 1 dòng
2026-07-28 16:53:45,481 [INFO] VIC: ✓ 1 dòng
2026-07-28 16:53:48,793 [INFO] VHM: ✓ 1 dòng
2026-07-28 16:53:51,774 [INFO] HPG: ✓ 1 dòng
2026-07-28 16:53:55,069 [INFO] TCB: ✓ 1 dòng
2026-07-28 16:53:57,770 [INFO] MBB: ✓ 1 dòng
2026-07-28 16:54:00,789 [INFO] VNM: ✓ 1 dòng
2026-07-28 16:54:03,543 [INFO] FPT: ✓ 1 dòng
2026-07-28 16:54:06,413 [INFO] MSN: ✓ 1 dòng
2026-07-28 16:54:09,289 [INFO] BID: ✓ 1 dòng
2026-07-28 16:54:09,289 [INFO] === Xong: 10/10 tickers | 10 dòng mới ===
2026-07-29 16:12:23,210 [INFO] Fetch từ 2026-07-28 → 2026-07-28
2026-07-29 16:12:23,617 [INFO] Failed to extract font properties from /usr/share/fonts/truetype/noto/NotoColorEmoji.ttf: Non-scalable fonts are not supported
2026-07-29 16:12:23,734 [INFO] generated new fontManager
2026-07-29 16:12:26,173 [INFO] Device registered: 54e2013a3767e629ef5a2af9440722cc (version 0.0.1)
2026-07-29 16:12:31,398 [INFO] VCB: ✓ 1 dòng
2026-07-29 16:12:35,497 [INFO] VIC: ✓ 1 dòng
2026-07-29 16:12:38,428 [INFO] VHM: ✓ 1 dòng
2026-07-29 16:12:41,386 [INFO] HPG: ✓ 1 dòng
2026-07-29 16:12:44,100 [INFO] TCB: ✓ 1 dòng
2026-07-29 16:12:47,065 [INFO] MBB: ✓ 1 dòng
2026-07-29 16:12:49,812 [INFO] VNM: ✓ 1 dòng
2026-07-29 16:12:52,987 [INFO] FPT: ✓ 1 dòng
2026-07-29 16:12:55,785 [INFO] MSN: ✓ 1 dòng
2026-07-29 16:12:59,080 [INFO] BID: ✓ 1 dòng
2026-07-29 16:12:59,080 [INFO] === Xong: 10/10 tickers | 10 dòng mới ===
2026-07-30 16:18:29,710 [INFO] Fetch từ 2026-07-29 → 2026-07-29
2026-07-30 16:18:30,184 [INFO] Failed to extract font properties from /usr/share/fonts/truetype/noto/NotoColorEmoji.ttf: Non-scalable fonts are not supported
2026-07-30 16:18:30,718 [INFO] generated new fontManager
2026-07-30 16:18:33,872 [INFO] Device registered: 54e2013a3767e629ef5a2af9440722cc (version 0.0.1)
2026-07-30 16:18:40,560 [INFO] VCB: ✓ 1 dòng
2026-07-30 16:18:44,337 [INFO] VIC: ✓ 1 dòng
2026-07-30 16:18:47,385 [INFO] VHM: ✓ 1 dòng
2026-07-30 16:18:51,292 [INFO] HPG: ✓ 1 dòng
2026-07-30 16:18:54,132 [INFO] TCB: ✓ 1 dòng
2026-07-30 16:18:57,963 [INFO] MBB: ✓ 1 dòng
2026-07-30 16:19:00,979 [INFO] VNM: ✓ 1 dòng
2026-07-30 16:19:04,433 [INFO] FPT: ✓ 1 dòng
2026-07-30 16:19:08,366 [INFO] MSN: ✓ 1 dòng
2026-07-30 16:19:12,149 [INFO] BID: ✓ 1 dòng
2026-07-30 16:19:12,150 [INFO] === Xong: 10/10 tickers | 10 dòng mới ===
2026-07-31 17:00:40,627 [INFO] Fetch từ 2026-07-30 → 2026-07-30
2026-07-31 17:00:41,037 [INFO] Failed to extract font properties from /usr/share/fonts/truetype/noto/NotoColorEmoji.ttf: Non-scalable fonts are not supported
2026-07-31 17:00:41,095 [INFO] generated new fontManager
2026-07-31 17:00:43,759 [INFO] Device registered: 54e2013a3767e629ef5a2af9440722cc (version 0.0.1)
2026-07-31 17:00:49,973 [INFO] VCB: ✓ 1 dòng
2026-07-31 17:00:53,140 [INFO] VIC: ✓ 1 dòng
2026-07-31 17:00:56,720 [INFO] VHM: ✓ 1 dòng
2026-07-31 17:00:59,805 [INFO] HPG: ✓ 1 dòng
2026-07-31 17:01:02,655 [INFO] TCB: ✓ 1 dòng
2026-07-31 17:01:05,635 [INFO] MBB: ✓ 1 dòng
2026-07-31 17:01:08,464 [INFO] VNM: ✓ 1 dòng
2026-07-31 17:01:11,751 [INFO] FPT: ✓ 1 dòng
2026-07-31 17:01:14,595 [INFO] MSN: ✓ 1 dòng
2026-07-31 17:01:18,242 [INFO] BID: ✓ 1 dòng
2026-07-31 17:01:18,242 [INFO] === Xong: 10/10 tickers | 10 dòng mới ===
2026-08-03 17:29:16,169 [INFO] Fetch từ 2026-07-31 → 2026-08-02
2026-08-03 17:29:16,663 [INFO] Failed to extract font properties from /usr/share/fonts/truetype/noto/NotoColorEmoji.ttf: Non-scalable fonts are not supported
2026-08-03 17:29:16,677 [INFO] generated new fontManager
2026-08-03 17:29:19,146 [INFO] Device registered: 54e2013a3767e629ef5a2af9440722cc (version 0.0.1)
2026-08-03 17:29:25,104 [INFO] VCB: ✓ 1 dòng
2026-08-03 17:29:28,811 [INFO] VIC: ✓ 1 dòng
2026-08-03 17:29:32,281 [INFO] VHM: ✓ 1 dòng
2026-08-03 17:29:35,375 [INFO] HPG: ✓ 1 dòng
2026-08-03 17:29:39,217 [INFO] TCB: ✓ 1 dòng
2026-08-03 17:29:42,246 [INFO] MBB: ✓ 1 dòng
2026-08-03 17:29:44,997 [INFO] VNM: ✓ 1 dòng
2026-08-03 17:29:50,547 [INFO] FPT: ✓ 1 dòng
2026-08-03 17:29:56,049 [INFO] MSN: ✓ 1 dòng
2026-08-03 17:30:00,465 [INFO] BID: ✓ 1 dòng
2026-08-03 17:30:00,465 [INFO] === Xong: 10/10 tickers | 10 dòng mới ===
2026-08-04 17:14:53,393 [INFO] Fetch từ 2026-08-01 → 2026-08-03
2026-08-04 17:14:53,830 [INFO] Failed to extract font properties from /usr/share/fonts/truetype/noto/NotoColorEmoji.ttf: Non-scalable fonts are not supported
2026-08-04 17:14:53,978 [INFO] generated new fontManager
2026-08-04 17:14:57,034 [INFO] Device registered: 54e2013a3767e629ef5a2af9440722cc (version 0.0.1)
2026-08-04 17:15:04,644 [INFO] VCB: ✓ 1 dòng
2026-08-04 17:15:09,013 [INFO] VIC: ✓ 1 dòng
2026-08-04 17:15:13,598 [INFO] VHM: ✓ 1 dòng
2026-08-04 17:15:17,422 [INFO] HPG: ✓ 1 dòng
2026-08-04 17:15:21,290 [INFO] TCB: ✓ 1 dòng
2026-08-04 17:15:25,389 [INFO] MBB: ✓ 1 dòng
2026-08-04 17:15:29,128 [INFO] VNM: ✓ 1 dòng
2026-08-04 17:15:33,619 [INFO] FPT: ✓ 1 dòng
2026-08-04 17:15:37,489 [INFO] MSN: ✓ 1 dòng
2026-08-04 17:15:41,433 [INFO] BID: ✓ 1 dòng
2026-08-04 17:15:41,433 [INFO] === Xong: 10/10 tickers | 10 dòng mới ===
2026-08-05 16:55:38,123 [INFO] Fetch từ 2026-08-04 → 2026-08-04
2026-08-05 16:55:38,627 [INFO] Failed to extract font properties from /usr/share/fonts/truetype/noto/NotoColorEmoji.ttf: Non-scalable fonts are not supported
2026-08-05 16:55:38,679 [INFO] generated new fontManager
2026-08-05 16:55:41,299 [INFO] Device registered: 54e2013a3767e629ef5a2af9440722cc (version 0.0.1)
2026-08-05 16:55:46,934 [INFO] VCB: ✓ 1 dòng
2026-08-05 16:55:51,165 [INFO] VIC: ✓ 1 dòng
2026-08-05 16:55:54,308 [INFO] VHM: ✓ 1 dòng
2026-08-05 16:55:58,280 [INFO] HPG: ✓ 1 dòng
2026-08-05 16:56:01,726 [INFO] TCB: ✓ 1 dòng
2026-08-05 16:56:05,519 [INFO] MBB: ✓ 1 dòng
2026-08-05 16:56:09,265 [INFO] VNM: ✓ 1 dòng
2026-08-05 16:56:12,948 [INFO] FPT: ✓ 1 dòng
2026-08-05 16:56:16,700 [INFO] MSN: ✓ 1 dòng
2026-08-05 16:56:20,366 [INFO] BID: ✓ 1 dòng
2026-08-05 16:56:20,366 [INFO] === Xong: 10/10 tickers | 10 dòng mới ===
2026-08-07 14:34:38,278 [INFO] Fetch từ 2026-08-05 → 2026-08-06
2026-08-07 14:34:39,432 [INFO] Failed to extract font properties from /usr/share/fonts/truetype/noto/NotoColorEmoji.ttf: Non-scalable fonts are not supported
2026-08-07 14:34:39,851 [INFO] generated new fontManager
2026-08-07 14:34:43,000 [INFO] Device registered: 54e2013a3767e629ef5a2af9440722cc (version 0.0.1)
2026-08-07 14:34:50,326 [INFO] VCB: ✓ 2 dòng
2026-08-07 14:34:54,254 [INFO] VIC: ✓ 2 dòng
2026-08-07 14:34:58,175 [INFO] VHM: ✓ 2 dòng
2026-08-07 14:35:02,632 [INFO] HPG: ✓ 2 dòng
2026-08-07 14:35:08,321 [INFO] TCB: ✓ 2 dòng
2026-08-07 14:35:13,345 [INFO] MBB: ✓ 2 dòng
2026-08-07 14:35:17,501 [INFO] VNM: ✓ 2 dòng
2026-08-07 14:35:21,709 [INFO] FPT: ✓ 2 dòng
2026-08-07 14:35:25,137 [INFO] MSN: ✓ 2 dòng
2026-08-07 14:35:28,948 [INFO] BID: ✓ 2 dòng
2026-08-07 14:35:28,948 [INFO] === Xong: 10/10 tickers | 20 dòng mới ===
2026-08-10 14:41:52,601 [INFO] Fetch từ 2026-08-07 → 2026-08-09
2026-08-10 14:41:55,620 [INFO] Failed to extract font properties from /usr/share/fonts/truetype/noto/NotoColorEmoji.ttf: Non-scalable fonts are not supported
2026-08-10 14:41:55,705 [INFO] generated new fontManager
2026-08-10 14:41:58,510 [INFO] Device registered: 54e2013a3767e629ef5a2af9440722cc (version 0.0.1)
2026-08-10 14:42:02,938 [INFO] VCB: ✓ 1 dòng
2026-08-10 14:42:06,666 [INFO] VIC: ✓ 1 dòng
2026-08-10 14:42:10,058 [INFO] VHM: ✓ 1 dòng
2026-08-10 14:42:12,925 [INFO] HPG: ✓ 1 dòng
2026-08-10 14:42:16,123 [INFO] TCB: ✓ 1 dòng
2026-08-10 14:42:18,863 [INFO] MBB: ✓ 1 dòng
2026-08-10 14:42:21,534 [INFO] VNM: ✓ 1 dòng
2026-08-10 14:42:24,722 [INFO] FPT: ✓ 1 dòng
2026-08-10 14:42:28,980 [INFO] MSN: ✓ 1 dòng
2026-08-10 14:42:31,786 [INFO] BID: ✓ 1 dòng
2026-08-10 14:42:31,786 [INFO] === Xong: 10/10 tickers | 10 dòng mới ===
2026-08-11 14:42:31,325 [INFO] Fetch từ 2026-08-08 → 2026-08-10
2026-08-11 14:42:31,713 [INFO] Failed to extract font properties from /usr/share/fonts/truetype/noto/NotoColorEmoji.ttf: Non-scalable fonts are not supported
2026-08-11 14:42:31,750 [INFO] generated new fontManager
2026-08-11 14:42:33,847 [INFO] Device registered: 54e2013a3767e629ef5a2af9440722cc (version 0.0.1)
2026-08-11 14:42:39,000 [INFO] VCB: ✓ 1 dòng
2026-08-11 14:42:42,227 [INFO] VIC: ✓ 1 dòng
2026-08-11 14:42:45,305 [INFO] VHM: ✓ 1 dòng
2026-08-11 14:42:47,635 [INFO] HPG: ✓ 1 dòng
2026-08-11 14:42:50,305 [INFO] TCB: ✓ 1 dòng
2026-08-11 14:42:53,297 [INFO] MBB: ✓ 1 dòng
2026-08-11 14:42:56,042 [INFO] VNM: ✓ 1 dòng
2026-08-11 14:42:58,691 [INFO] FPT: ✓ 1 dòng
2026-08-11 14:43:01,238 [INFO] MSN: ✓ 1 dòng
2026-08-11 14:43:04,293 [INFO] BID: ✓ 1 dòng
2026-08-11 14:43:04,293 [INFO] === Xong: 10/10 tickers | 10 dòng mới ===
2026-08-12 14:42:55,836 [INFO] Fetch từ 2026-08-11 → 2026-08-11
2026-08-12 14:42:56,401 [INFO] Failed to extract font properties from /usr/share/fonts/truetype/noto/NotoColorEmoji.ttf: Non-scalable fonts are not supported
2026-08-12 14:42:56,493 [INFO] generated new fontManager
2026-08-12 14:42:58,915 [INFO] Device registered: 54e2013a3767e629ef5a2af9440722cc (version 0.0.1)
2026-08-12 14:43:04,146 [INFO] VCB: ✓ 1 dòng
2026-08-12 14:43:07,230 [INFO] VIC: ✓ 1 dòng
2026-08-12 14:43:10,603 [INFO] VHM: ✓ 1 dòng
2026-08-12 14:43:13,398 [INFO] HPG: ✓ 1 dòng
2026-08-12 14:43:16,105 [INFO] TCB: ✓ 1 dòng
2026-08-12 14:43:18,880 [INFO] MBB: ✓ 1 dòng
2026-08-12 14:43:21,531 [INFO] VNM: ✓ 1 dòng
2026-08-12 14:43:24,049 [INFO] FPT: ✓ 1 dòng
2026-08-12 14:43:26,767 [INFO] MSN: ✓ 1 dòng
2026-08-12 14:43:29,283 [INFO] BID: ✓ 1 dòng
2026-08-12 14:43:29,283 [INFO] === Xong: 10/10 tickers | 10 dòng mới ===
2026-08-13 14:41:40,388 [INFO] Fetch từ 2026-08-12 → 2026-08-12
2026-08-13 14:41:41,235 [INFO] Failed to extract font properties from /usr/share/fonts/truetype/noto/NotoColorEmoji.ttf: Non-scalable fonts are not supported
2026-08-13 14:41:41,707 [INFO] generated new fontManager
2026-08-13 14:41:44,326 [INFO] Device registered: 54e2013a3767e629ef5a2af9440722cc (version 0.0.1)
2026-08-13 14:41:52,074 [INFO] VCB: ✓ 1 dòng
2026-08-13 14:41:56,083 [INFO] VIC: ✓ 1 dòng
2026-08-13 14:42:00,004 [INFO] VHM: ✓ 1 dòng
2026-08-13 14:42:03,330 [INFO] HPG: ✓ 1 dòng
2026-08-13 14:42:07,194 [INFO] TCB: ✓ 1 dòng
2026-08-13 14:42:10,613 [INFO] MBB: ✓ 1 dòng
2026-08-13 14:42:15,363 [INFO] VNM: ✓ 1 dòng
2026-08-13 14:42:19,742 [INFO] FPT: ✓ 1 dòng
2026-08-13 14:42:23,460 [INFO] MSN: ✓ 1 dòng
2026-08-13 14:42:26,634 [INFO] BID: ✓ 1 dòng
2026-08-13 14:42:26,634 [INFO] === Xong: 10/10 tickers | 10 dòng mới ===
2026-08-14 14:33:21,845 [INFO] Fetch từ 2026-08-13 → 2026-08-13
2026-08-14 14:33:22,292 [INFO] Failed to extract font properties from /usr/share/fonts/truetype/noto/NotoColorEmoji.ttf: Non-scalable fonts are not supported
2026-08-14 14:33:22,395 [INFO] generated new fontManager
2026-08-14 14:33:24,687 [INFO] Device registered: cca56bbe7c6ef2789b16be206e2e3b77 (version 0.0.1)
2026-08-14 14:33:34,684 [INFO] VCB: ✓ 1 dòng
2026-08-14 14:33:46,797 [INFO] VIC: ✓ 1 dòng
2026-08-14 14:34:50,071 [ERROR] API request failed: HTTPSConnectionPool(host='trading.vietcap.com.vn', port=443): Read timed out. (read timeout=30)
2026-08-14 14:34:53,516 [INFO] VHM: ✓ 1 dòng
2026-08-14 14:34:58,316 [INFO] HPG: ✓ 1 dòng
2026-08-14 14:35:01,392 [INFO] TCB: ✓ 1 dòng
2026-08-14 14:35:04,459 [INFO] MBB: ✓ 1 dòng
2026-08-14 14:35:06,961 [INFO] VNM: ✓ 1 dòng
2026-08-14 14:35:10,119 [INFO] FPT: ✓ 1 dòng
2026-08-14 14:35:13,568 [INFO] MSN: ✓ 1 dòng
2026-08-14 14:35:15,931 [INFO] BID: ✓ 1 dòng
2026-08-14 14:35:15,931 [INFO] === Xong: 10/10 tickers | 10 dòng mới ===
2026-08-17 11:53:45,256 [INFO] Fetch từ 2026-08-14 → 2026-08-16
2026-08-17 11:53:45,623 [INFO] Failed to extract font properties from /usr/share/fonts/truetype/noto/NotoColorEmoji.ttf: Non-scalable fonts are not supported
2026-08-17 11:53:45,736 [INFO] generated new fontManager
2026-08-17 11:53:48,480 [INFO] Device registered: cca56bbe7c6ef2789b16be206e2e3b77 (version 0.0.1)
2026-08-17 11:53:51,712 [ERROR] VCB: Lỗi — cannot access local variable 'hosting_service' where it is not associated with a value
2026-08-17 11:53:53,179 [ERROR] VIC: Lỗi — cannot access local variable 'hosting_service' where it is not associated with a value
2026-08-17 11:53:54,593 [ERROR] VHM: Lỗi — cannot access local variable 'hosting_service' where it is not associated with a value
2026-08-17 11:53:55,727 [ERROR] HPG: Lỗi — cannot access local variable 'hosting_service' where it is not associated with a value
2026-08-17 11:53:56,946 [ERROR] TCB: Lỗi — cannot access local variable 'hosting_service' where it is not associated with a value
2026-08-17 11:53:58,055 [ERROR] MBB: Lỗi — cannot access local variable 'hosting_service' where it is not associated with a value
2026-08-17 11:53:59,264 [ERROR] VNM: Lỗi — cannot access local variable 'hosting_service' where it is not associated with a value
2026-08-17 11:54:00,469 [ERROR] FPT: Lỗi — cannot access local variable 'hosting_service' where it is not associated with a value
2026-08-17 11:54:01,579 [ERROR] MSN: Lỗi — cannot access local variable 'hosting_service' where it is not associated with a value
2026-08-17 11:54:02,782 [ERROR] BID: Lỗi — cannot access local variable 'hosting_service' where it is not associated with a value
2026-08-17 11:54:02,782 [INFO] === Xong: 0/10 tickers | 0 dòng mới ===
2026-08-18 11:55:36,971 [INFO] Fetch từ 2026-08-14 → 2026-08-17
2026-08-18 11:55:37,553 [INFO] Failed to extract font properties from /usr/share/fonts/truetype/noto/NotoColorEmoji.ttf: Non-scalable fonts are not supported
2026-08-18 11:55:37,572 [INFO] generated new fontManager
2026-08-18 11:55:40,296 [INFO] Device registered: cca56bbe7c6ef2789b16be206e2e3b77 (version 0.0.1)
2026-08-18 11:55:42,524 [ERROR] VCB: Lỗi — cannot access local variable 'hosting_service' where it is not associated with a value
2026-08-18 11:55:44,009 [ERROR] VIC: Lỗi — cannot access local variable 'hosting_service' where it is not associated with a value
2026-08-18 11:55:45,075 [ERROR] VHM: Lỗi — cannot access local variable 'hosting_service' where it is not associated with a value
2026-08-18 11:55:45,925 [ERROR] HPG: Lỗi — cannot access local variable 'hosting_service' where it is not associated with a value
2026-08-18 11:55:46,985 [ERROR] TCB: Lỗi — cannot access local variable 'hosting_service' where it is not associated with a value
2026-08-18 11:55:47,837 [ERROR] MBB: Lỗi — cannot access local variable 'hosting_service' where it is not associated with a value
2026-08-18 11:55:48,874 [ERROR] VNM: Lỗi — cannot access local variable 'hosting_service' where it is not associated with a value
2026-08-18 11:55:49,733 [ERROR] FPT: Lỗi — cannot access local variable 'hosting_service' where it is not associated with a value
2026-08-18 11:55:50,558 [ERROR] MSN: Lỗi — cannot access local variable 'hosting_service' where it is not associated with a value
2026-08-18 11:55:51,396 [ERROR] BID: Lỗi — cannot access local variable 'hosting_service' where it is not associated with a value
2026-08-18 11:55:51,396 [INFO] === Xong: 0/10 tickers | 0 dòng mới ===
2026-08-19 11:54:55,391 [INFO] Fetch từ 2026-08-14 → 2026-08-18
2026-08-19 11:54:57,072 [INFO] Failed to extract font properties from /usr/share/fonts/truetype/noto/NotoColorEmoji.ttf: Non-scalable fonts are not supported
2026-08-19 11:54:57,259 [INFO] generated new fontManager
2026-08-19 11:54:59,657 [INFO] Device registered: cca56bbe7c6ef2789b16be206e2e3b77 (version 0.0.1)
2026-08-19 11:55:00,987 [ERROR] VCB: Lỗi — cannot access local variable 'hosting_service' where it is not associated with a value
2026-08-19 11:55:02,143 [ERROR] VIC: Lỗi — cannot access local variable 'hosting_service' where it is not associated with a value
2026-08-19 11:55:03,044 [ERROR] VHM: Lỗi — cannot access local variable 'hosting_service' where it is not associated with a value
2026-08-19 11:55:03,821 [ERROR] HPG: Lỗi — cannot access local variable 'hosting_service' where it is not associated with a value
2026-08-19 11:55:04,531 [ERROR] TCB: Lỗi — cannot access local variable 'hosting_service' where it is not associated with a value
2026-08-19 11:55:05,540 [ERROR] MBB: Lỗi — cannot access local variable 'hosting_service' where it is not associated with a value
2026-08-19 11:55:06,621 [ERROR] VNM: Lỗi — cannot access local variable 'hosting_service' where it is not associated with a value
2026-08-19 11:55:07,420 [ERROR] FPT: Lỗi — cannot access local variable 'hosting_service' where it is not associated with a value
2026-08-19 11:55:08,330 [ERROR] MSN: Lỗi — cannot access local variable 'hosting_service' where it is not associated with a value
2026-08-19 11:55:09,056 [ERROR] BID: Lỗi — cannot access local variable 'hosting_service' where it is not associated with a value
2026-08-19 11:55:09,057 [INFO] === Xong: 0/10 tickers | 0 dòng mới ===
2026-08-20 11:57:46,105 [INFO] Fetch từ 2026-08-14 → 2026-08-19
2026-08-20 11:57:47,159 [INFO] Failed to extract font properties from /usr/share/fonts/truetype/noto/NotoColorEmoji.ttf: Non-scalable fonts are not supported
2026-08-20 11:57:47,259 [INFO] generated new fontManager
2026-08-20 11:57:50,191 [INFO] Device registered: cca56bbe7c6ef2789b16be206e2e3b77 (version 0.0.1)
2026-08-20 11:57:52,420 [ERROR] VCB: Lỗi — cannot access local variable 'hosting_service' where it is not associated with a value
2026-08-20 11:57:53,636 [ERROR] VIC: Lỗi — cannot access local variable 'hosting_service' where it is not associated with a value
2026-08-20 11:57:54,826 [ERROR] VHM: Lỗi — cannot access local variable 'hosting_service' where it is not associated with a value
2026-08-20 11:57:56,481 [ERROR] HPG: Lỗi — cannot access local variable 'hosting_service' where it is not associated with a value
2026-08-20 11:57:57,763 [ERROR] TCB: Lỗi — cannot access local variable 'hosting_service' where it is not associated with a value
2026-08-20 11:57:58,993 [ERROR] MBB: Lỗi — cannot access local variable 'hosting_service' where it is not associated with a value
2026-08-20 11:58:00,191 [ERROR] VNM: Lỗi — cannot access local variable 'hosting_service' where it is not associated with a value
2026-08-20 11:58:01,514 [ERROR] FPT: Lỗi — cannot access local variable 'hosting_service' where it is not associated with a value
2026-08-20 11:58:02,675 [ERROR] MSN: Lỗi — cannot access local variable 'hosting_service' where it is not associated with a value
2026-08-20 11:58:04,062 [ERROR] BID: Lỗi — cannot access local variable 'hosting_service' where it is not associated with a value
2026-08-20 11:58:04,063 [INFO] === Xong: 0/10 tickers | 0 dòng mới ===
2026-08-21 11:57:55,389 [INFO] Fetch từ 2026-08-14 → 2026-08-20
2026-08-21 11:57:55,692 [INFO] Failed to extract font properties from /usr/share/fonts/truetype/noto/NotoColorEmoji.ttf: Non-scalable fonts are not supported
2026-08-21 11:57:55,751 [INFO] generated new fontManager
2026-08-21 11:57:58,648 [INFO] Device registered: f77044c6775f92046dbbc39bdc8d2296 (version 0.0.1)
2026-08-21 11:58:05,489 [INFO] VCB: ✓ 5 dòng
2026-08-21 11:58:09,803 [INFO] VIC: ✓ 5 dòng
2026-08-21 11:58:13,892 [INFO] VHM: ✓ 5 dòng
2026-08-21 11:58:18,105 [INFO] HPG: ✓ 5 dòng
2026-08-21 11:58:21,637 [INFO] TCB: ✓ 5 dòng
2026-08-21 11:58:26,043 [INFO] MBB: ✓ 5 dòng
2026-08-21 11:58:30,046 [INFO] VNM: ✓ 5 dòng
2026-08-21 11:58:34,119 [INFO] FPT: ✓ 5 dòng
2026-08-21 11:58:38,846 [INFO] MSN: ✓ 5 dòng
2026-08-21 11:58:44,366 [INFO] BID: ✓ 5 dòng
2026-08-21 11:58:44,366 [INFO] === Xong: 10/10 tickers | 50 dòng mới ===
2026-08-24 11:58:49,506 [INFO] Fetch từ 2026-08-21 → 2026-08-23
2026-08-24 11:58:50,012 [INFO] Failed to extract font properties from /usr/share/fonts/truetype/noto/NotoColorEmoji.ttf: Non-scalable fonts are not supported
2026-08-24 11:58:50,173 [INFO] generated new fontManager
2026-08-24 11:58:53,314 [INFO] Device registered: f77044c6775f92046dbbc39bdc8d2296 (version 0.0.1)
2026-08-24 11:59:01,109 [INFO] VCB: ✓ 1 dòng
2026-08-24 11:59:05,360 [INFO] VIC: ✓ 1 dòng
2026-08-24 11:59:09,877 [INFO] VHM: ✓ 1 dòng
2026-08-24 11:59:13,821 [INFO] HPG: ✓ 1 dòng
2026-08-24 11:59:18,394 [INFO] TCB: ✓ 1 dòng
2026-08-24 11:59:23,706 [INFO] MBB: ✓ 1 dòng
2026-08-24 11:59:27,571 [INFO] VNM: ✓ 1 dòng
2026-08-24 11:59:31,538 [INFO] FPT: ✓ 1 dòng
2026-08-24 11:59:35,357 [INFO] MSN: ✓ 1 dòng
2026-08-24 11:59:39,761 [INFO] BID: ✓ 1 dòng
2026-08-24 11:59:39,761 [INFO] === Xong: 10/10 tickers | 10 dòng mới ===
2026-08-25 11:59:12,852 [INFO] Fetch từ 2026-08-22 → 2026-08-24
2026-08-25 11:59:13,217 [INFO] Failed to extract font properties from /usr/share/fonts/truetype/noto/NotoColorEmoji.ttf: Non-scalable fonts are not supported
2026-08-25 11:59:13,257 [INFO] generated new fontManager
2026-08-25 11:59:16,330 [INFO] Device registered: f77044c6775f92046dbbc39bdc8d2296 (version 0.0.1)
2026-08-25 11:59:23,768 [INFO] VCB: ✓ 1 dòng
2026-08-25 11:59:28,186 [INFO] VIC: ✓ 1 dòng
2026-08-25 11:59:32,323 [INFO] VHM: ✓ 1 dòng
2026-08-25 11:59:36,527 [INFO] HPG: ✓ 1 dòng
2026-08-25 11:59:41,078 [INFO] TCB: ✓ 1 dòng
2026-08-25 11:59:44,844 [INFO] MBB: ✓ 1 dòng
2026-08-25 11:59:49,792 [INFO] VNM: ✓ 1 dòng
2026-08-25 11:59:55,388 [INFO] FPT: ✓ 1 dòng
2026-08-25 11:59:58,698 [INFO] MSN: ✓ 1 dòng
2026-08-25 12:00:02,701 [INFO] BID: ✓ 1 dòng
2026-08-25 12:00:02,701 [INFO] === Xong: 10/10 tickers | 10 dòng mới ===
2026-08-26 11:23:42,011 [INFO] Fetch từ 2026-08-25 → 2026-08-25
2026-08-26 11:23:43,267 [INFO] Failed to extract font properties from /usr/share/fonts/truetype/noto/NotoColorEmoji.ttf: Non-scalable fonts are not supported
2026-08-26 11:23:44,335 [INFO] generated new fontManager
2026-08-26 11:23:47,526 [INFO] Device registered: a1691119d2049e96ca73e5b8469e5a77 (version 0.0.1)
2026-08-26 11:23:53,699 [INFO] VCB: ✓ 1 dòng
2026-08-26 11:23:58,152 [INFO] VIC: ✓ 1 dòng
2026-08-26 11:24:01,791 [INFO] VHM: ✓ 1 dòng
2026-08-26 11:24:04,730 [INFO] HPG: ✓ 1 dòng
2026-08-26 11:24:08,843 [INFO] TCB: ✓ 1 dòng
2026-08-26 11:24:11,973 [INFO] MBB: ✓ 1 dòng
2026-08-26 11:24:14,950 [INFO] VNM: ✓ 1 dòng
2026-08-26 11:24:18,138 [INFO] FPT: ✓ 1 dòng
2026-08-26 11:24:21,906 [INFO] MSN: ✓ 1 dòng
2026-08-26 11:24:25,379 [INFO] BID: ✓ 1 dòng
2026-08-26 11:24:25,379 [INFO] === Xong: 10/10 tickers | 10 dòng mới ===
2026-08-27 20:52:56,349 [INFO] Fetch từ 2026-08-26 → 2026-08-26
2026-08-27 20:52:57,086 [INFO] Failed to extract font properties from /usr/share/fonts/truetype/noto/NotoColorEmoji.ttf: Non-scalable fonts are not supported
2026-08-27 20:52:57,108 [INFO] generated new fontManager
2026-08-27 20:53:00,480 [INFO] Device registered: a1691119d2049e96ca73e5b8469e5a77 (version 0.0.1)
2026-08-27 20:53:07,505 [INFO] VCB: ✓ 1 dòng
2026-08-27 20:53:12,149 [INFO] VIC: ✓ 1 dòng
2026-08-27 20:53:16,449 [INFO] VHM: ✓ 1 dòng
2026-08-27 20:53:20,218 [INFO] HPG: ✓ 1 dòng
2026-08-27 20:53:24,352 [INFO] TCB: ✓ 1 dòng
2026-08-27 20:53:28,549 [INFO] MBB: ✓ 1 dòng
2026-08-27 20:53:32,358 [INFO] VNM: ✓ 1 dòng
2026-08-27 20:53:37,053 [INFO] FPT: ✓ 1 dòng
2026-08-27 20:53:40,395 [INFO] MSN: ✓ 1 dòng
2026-08-27 20:53:44,373 [INFO] BID: ✓ 1 dòng
2026-08-27 20:53:44,374 [INFO] === Xong: 10/10 tickers | 10 dòng mới ===
2026-08-28 21:18:48,587 [INFO] Fetch từ 2026-08-27 → 2026-08-27
2026-08-28 21:18:48,891 [INFO] Failed to extract font properties from /usr/share/fonts/truetype/noto/NotoColorEmoji.ttf: Non-scalable fonts are not supported
2026-08-28 21:18:48,979 [INFO] generated new fontManager
2026-08-28 21:18:51,526 [INFO] Device registered: a1691119d2049e96ca73e5b8469e5a77 (version 0.0.1)
2026-08-28 21:18:57,707 [INFO] VCB: ✓ 1 dòng
2026-08-28 21:19:01,237 [INFO] VIC: ✓ 1 dòng
2026-08-28 21:19:04,324 [INFO] VHM: ✓ 1 dòng
2026-08-28 21:19:07,365 [INFO] HPG: ✓ 1 dòng
2026-08-28 21:19:10,222 [INFO] TCB: ✓ 1 dòng
2026-08-28 21:19:13,095 [INFO] MBB: ✓ 1 dòng
2026-08-28 21:19:15,986 [INFO] VNM: ✓ 1 dòng
2026-08-28 21:19:18,915 [INFO] FPT: ✓ 1 dòng
2026-08-28 21:19:21,797 [INFO] MSN: ✓ 1 dòng
2026-08-28 21:19:24,675 [INFO] BID: ✓ 1 dòng
2026-08-28 21:19:24,675 [INFO] === Xong: 10/10 tickers | 10 dòng mới ===
2026-08-31 17:47:28,249 [INFO] Fetch từ 2026-08-28 → 2026-08-30
2026-08-31 17:47:28,577 [INFO] Failed to extract font properties from /usr/share/fonts/truetype/noto/NotoColorEmoji.ttf: Non-scalable fonts are not supported
2026-08-31 17:47:28,661 [INFO] generated new fontManager
2026-08-31 17:47:31,659 [INFO] Device registered: a1691119d2049e96ca73e5b8469e5a77 (version 0.0.1)
2026-08-31 17:47:38,336 [INFO] VCB: ✓ 1 dòng
2026-08-31 17:47:43,048 [INFO] VIC: ✓ 1 dòng
2026-08-31 17:47:46,838 [INFO] VHM: ✓ 1 dòng
2026-08-31 17:47:50,821 [INFO] HPG: ✓ 1 dòng
2026-08-31 17:47:54,941 [INFO] TCB: ✓ 1 dòng
2026-08-31 17:47:59,231 [INFO] MBB: ✓ 1 dòng
2026-08-31 17:48:04,632 [INFO] VNM: ✓ 1 dòng
2026-08-31 17:48:09,100 [INFO] FPT: ✓ 1 dòng
2026-08-31 17:48:13,351 [INFO] MSN: ✓ 1 dòng
2026-08-31 17:48:17,578 [INFO] BID: ✓ 1 dòng
2026-08-31 17:48:17,578 [INFO] === Xong: 10/10 tickers | 10 dòng mới ===
2026-09-01 15:21:55,944 [INFO] Fetch từ 2026-08-29 → 2026-08-31
2026-09-01 15:21:56,360 [INFO] Failed to extract font properties from /usr/share/fonts/truetype/noto/NotoColorEmoji.ttf: Non-scalable fonts are not supported
2026-09-01 15:21:56,532 [INFO] generated new fontManager
2026-09-01 15:21:59,102 [INFO] Device registered: a1691119d2049e96ca73e5b8469e5a77 (version 0.0.1)
2026-09-01 15:22:04,179 [WARNING] VCB: Không có data trong khoảng này
2026-09-01 15:22:07,871 [WARNING] VIC: Không có data trong khoảng này
2026-09-01 15:22:10,829 [WARNING] VHM: Không có data trong khoảng này
2026-09-01 15:22:14,253 [WARNING] HPG: Không có data trong khoảng này
2026-09-01 15:22:17,093 [WARNING] TCB: Không có data trong khoảng này
2026-09-01 15:22:19,930 [WARNING] MBB: Không có data trong khoảng này
2026-09-01 15:22:22,847 [WARNING] VNM: Không có data trong khoảng này
2026-09-01 15:22:25,733 [WARNING] FPT: Không có data trong khoảng này
2026-09-01 15:22:29,429 [WARNING] MSN: Không có data trong khoảng này
2026-09-01 15:22:32,541 [WARNING] BID: Không có data trong khoảng này
2026-09-01 15:22:32,541 [INFO] === Xong: 0/10 tickers | 0 dòng mới ===
2026-09-02 14:53:15,529 [INFO] Fetch từ 2026-08-29 → 2026-09-01
2026-09-02 14:53:15,907 [INFO] Failed to extract font properties from /usr/share/fonts/truetype/noto/NotoColorEmoji.ttf: Non-scalable fonts are not supported
2026-09-02 14:53:15,932 [INFO] generated new fontManager
2026-09-02 14:53:19,203 [INFO] Device registered: a1691119d2049e96ca73e5b8469e5a77 (version 0.0.1)
2026-09-02 14:53:25,684 [WARNING] VCB: Không có data trong khoảng này
2026-09-02 14:53:30,269 [WARNING] VIC: Không có data trong khoảng này
2026-09-02 14:53:34,544 [WARNING] VHM: Không có data trong khoảng này
2026-09-02 14:53:38,633 [WARNING] HPG: Không có data trong khoảng này
2026-09-02 14:53:42,437 [WARNING] TCB: Không có data trong khoảng này
2026-09-02 14:53:46,036 [WARNING] MBB: Không có data trong khoảng này
2026-09-02 14:53:51,363 [WARNING] VNM: Không có data trong khoảng này
2026-09-02 14:53:57,213 [WARNING] FPT: Không có data trong khoảng này
2026-09-02 14:54:00,392 [WARNING] MSN: Không có data trong khoảng này
2026-09-02 14:54:05,034 [WARNING] BID: Không có data trong khoảng này
2026-09-02 14:54:05,034 [INFO] === Xong: 0/10 tickers | 0 dòng mới ===
2026-09-03 14:50:26,651 [INFO] Fetch từ 2026-08-29 → 2026-09-02
2026-09-03 14:50:28,839 [INFO] Failed to extract font properties from /usr/share/fonts/truetype/noto/NotoColorEmoji.ttf: Non-scalable fonts are not supported
2026-09-03 14:50:28,932 [INFO] generated new fontManager
2026-09-03 14:50:31,200 [INFO] Device registered: a1691119d2049e96ca73e5b8469e5a77 (version 0.0.1)
2026-09-03 14:50:37,032 [WARNING] VCB: Không có data trong khoảng này
2026-09-03 14:50:40,795 [WARNING] VIC: Không có data trong khoảng này
2026-09-03 14:50:44,045 [WARNING] VHM: Không có data trong khoảng này
2026-09-03 14:50:46,941 [WARNING] HPG: Không có data trong khoảng này
2026-09-03 14:50:49,495 [WARNING] TCB: Không có data trong khoảng này
2026-09-03 14:50:52,658 [WARNING] MBB: Không có data trong khoảng này
2026-09-03 14:50:55,417 [WARNING] VNM: Không có data trong khoảng này
2026-09-03 14:50:58,034 [WARNING] FPT: Không có data trong khoảng này
2026-09-03 14:51:01,611 [WARNING] MSN: Không có data trong khoảng này
2026-09-03 14:51:04,614 [WARNING] BID: Không có data trong khoảng này
2026-09-03 14:51:04,615 [INFO] === Xong: 0/10 tickers | 0 dòng mới ===
2026-09-04 14:42:01,964 [INFO] Fetch từ 2026-08-29 → 2026-09-03
2026-09-04 14:42:02,660 [INFO] Failed to extract font properties from /usr/share/fonts/truetype/noto/NotoColorEmoji.ttf: Non-scalable fonts are not supported
2026-09-04 14:42:03,745 [INFO] generated new fontManager
2026-09-04 14:42:06,041 [INFO] Device registered: 73771c5ea2a9dbf45599cbbbd498368f (version 0.0.1)
2026-09-04 14:42:11,378 [INFO] VCB: ✓ 1 dòng
2026-09-04 14:42:14,404 [INFO] VIC: ✓ 1 dòng
2026-09-04 14:42:17,623 [INFO] VHM: ✓ 1 dòng
2026-09-04 14:42:20,613 [INFO] HPG: ✓ 1 dòng
2026-09-04 14:42:23,654 [INFO] TCB: ✓ 1 dòng
2026-09-04 14:42:26,590 [INFO] MBB: ✓ 1 dòng
2026-09-04 14:42:29,923 [INFO] VNM: ✓ 1 dòng
2026-09-04 14:42:32,849 [INFO] FPT: ✓ 1 dòng
2026-09-04 14:42:36,636 [INFO] MSN: ✓ 1 dòng
2026-09-04 14:42:39,677 [INFO] BID: ✓ 1 dòng
2026-09-04 14:42:39,678 [INFO] === Xong: 10/10 tickers | 10 dòng mới ===
2026-09-07 16:14:36,636 [INFO] Fetch từ 2026-09-04 → 2026-09-06
2026-09-07 16:14:37,060 [INFO] Failed to extract font properties from /usr/share/fonts/truetype/noto/NotoColorEmoji.ttf: Non-scalable fonts are not supported
2026-09-07 16:14:37,709 [INFO] generated new fontManager
2026-09-07 16:14:39,937 [INFO] Device registered: 73771c5ea2a9dbf45599cbbbd498368f (version 0.0.1)
2026-09-07 16:14:45,853 [INFO] VCB: ✓ 1 dòng
2026-09-07 16:14:50,104 [INFO] VIC: ✓ 1 dòng
2026-09-07 16:14:53,753 [INFO] VHM: ✓ 1 dòng
2026-09-07 16:14:57,134 [INFO] HPG: ✓ 1 dòng
2026-09-07 16:15:00,654 [INFO] TCB: ✓ 1 dòng
2026-09-07 16:15:03,779 [INFO] MBB: ✓ 1 dòng
2026-09-07 16:15:07,130 [INFO] VNM: ✓ 1 dòng
2026-09-07 16:15:11,285 [INFO] FPT: ✓ 1 dòng
2026-09-07 16:15:15,848 [INFO] MSN: ✓ 1 dòng
2026-09-07 16:15:19,465 [INFO] BID: ✓ 1 dòng
2026-09-07 16:15:19,465 [INFO] === Xong: 10/10 tickers | 10 dòng mới ===
2026-09-08 14:51:08,620 [INFO] Fetch từ 2026-09-05 → 2026-09-07
2026-09-08 14:51:10,306 [INFO] Failed to extract font properties from /usr/share/fonts/truetype/noto/NotoColorEmoji.ttf: Non-scalable fonts are not supported
2026-09-08 14:51:10,691 [INFO] generated new fontManager
2026-09-08 14:51:13,568 [INFO] Device registered: 9990f92d03594fdcf5aeb9cbcf71abcb (version 0.0.1)
2026-09-08 14:51:19,795 [INFO] VCB: ✓ 1 dòng
2026-09-08 14:51:24,845 [INFO] VIC: ✓ 1 dòng
2026-09-08 14:51:28,549 [INFO] VHM: ✓ 1 dòng
2026-09-08 14:51:32,584 [INFO] HPG: ✓ 1 dòng
2026-09-08 14:51:36,042 [INFO] TCB: ✓ 1 dòng
2026-09-08 14:51:39,838 [INFO] MBB: ✓ 1 dòng
2026-09-08 14:51:44,738 [INFO] VNM: ✓ 1 dòng
2026-09-08 14:51:49,223 [INFO] FPT: ✓ 1 dòng
2026-09-08 14:51:54,190 [INFO] MSN: ✓ 1 dòng
2026-09-08 14:51:58,181 [INFO] BID: ✓ 1 dòng
2026-09-08 14:51:58,181 [INFO] === Xong: 10/10 tickers | 10 dòng mới ===
2026-09-09 14:58:44,155 [INFO] Fetch từ 2026-09-08 → 2026-09-08
2026-09-09 14:58:45,461 [INFO] Failed to extract font properties from /usr/share/fonts/truetype/noto/NotoColorEmoji.ttf: Non-scalable fonts are not supported
2026-09-09 14:58:46,861 [INFO] generated new fontManager
2026-09-09 14:58:49,132 [INFO] Device registered: 9990f92d03594fdcf5aeb9cbcf71abcb (version 0.0.1)
2026-09-09 14:58:53,884 [INFO] VCB: ✓ 1 dòng
2026-09-09 14:58:56,630 [INFO] VIC: ✓ 1 dòng
2026-09-09 14:58:59,775 [INFO] VHM: ✓ 1 dòng
2026-09-09 14:59:02,293 [INFO] HPG: ✓ 1 dòng
2026-09-09 14:59:05,431 [INFO] TCB: ✓ 1 dòng
2026-09-09 14:59:08,151 [INFO] MBB: ✓ 1 dòng
2026-09-09 14:59:10,636 [INFO] VNM: ✓ 1 dòng
2026-09-09 14:59:13,189 [INFO] FPT: ✓ 1 dòng
2026-09-09 14:59:15,694 [INFO] MSN: ✓ 1 dòng
2026-09-09 14:59:18,868 [INFO] BID: ✓ 1 dòng
2026-09-09 14:59:18,868 [INFO] === Xong: 10/10 tickers | 10 dòng mới ===
2026-09-10 14:44:12,492 [INFO] Fetch từ 2026-09-09 → 2026-09-09
2026-09-10 14:44:13,106 [INFO] Failed to extract font properties from /usr/share/fonts/truetype/noto/NotoColorEmoji.ttf: Non-scalable fonts are not supported
2026-09-10 14:44:13,179 [INFO] generated new fontManager
2026-09-10 14:44:15,684 [INFO] Device registered: 9990f92d03594fdcf5aeb9cbcf71abcb (version 0.0.1)
2026-09-10 14:44:22,998 [INFO] VCB: ✓ 1 dòng
2026-09-10 14:44:26,912 [INFO] VIC: ✓ 1 dòng
2026-09-10 14:44:30,792 [INFO] VHM: ✓ 1 dòng
2026-09-10 14:44:34,620 [INFO] HPG: ✓ 1 dòng
2026-09-10 14:44:38,200 [INFO] TCB: ✓ 1 dòng
2026-09-10 14:44:41,387 [INFO] MBB: ✓ 1 dòng
2026-09-10 14:44:46,333 [INFO] VNM: ✓ 1 dòng
2026-09-10 14:44:50,401 [INFO] FPT: ✓ 1 dòng
2026-09-10 14:44:54,891 [INFO] MSN: ✓ 1 dòng
2026-09-10 14:44:58,970 [INFO] BID: ✓ 1 dòng
2026-09-10 14:44:58,970 [INFO] === Xong: 10/10 tickers | 10 dòng mới ===
2026-09-11 14:47:23,632 [INFO] Fetch từ 2026-09-10 → 2026-09-10
2026-09-11 14:47:24,405 [INFO] Failed to extract font properties from /usr/share/fonts/truetype/noto/NotoColorEmoji.ttf: Non-scalable fonts are not supported
2026-09-11 14:47:25,321 [INFO] generated new fontManager
2026-09-11 14:47:28,217 [INFO] Device registered: 9990f92d03594fdcf5aeb9cbcf71abcb (version 0.0.1)
2026-09-11 14:47:34,246 [INFO] VCB: ✓ 1 dòng
2026-09-11 14:47:38,684 [INFO] VIC: ✓ 1 dòng
2026-09-11 14:47:42,543 [INFO] VHM: ✓ 1 dòng
2026-09-11 14:47:45,591 [INFO] HPG: ✓ 1 dòng
2026-09-11 14:47:49,462 [INFO] TCB: ✓ 1 dòng
2026-09-11 14:47:52,620 [INFO] MBB: ✓ 1 dòng
2026-09-11 14:47:56,047 [INFO] VNM: ✓ 1 dòng
2026-09-11 14:47:58,822 [INFO] FPT: ✓ 1 dòng
2026-09-11 14:48:02,590 [INFO] MSN: ✓ 1 dòng
2026-09-11 14:48:06,803 [INFO] BID: ✓ 1 dòng
2026-09-11 14:48:06,803 [INFO] === Xong: 10/10 tickers | 10 dòng mới ===
2026-09-14 16:44:24,339 [INFO] Fetch từ 2026-09-11 → 2026-09-13
2026-09-14 16:44:25,211 [INFO] Failed to extract font properties from /usr/share/fonts/truetype/noto/NotoColorEmoji.ttf: Non-scalable fonts are not supported
2026-09-14 16:44:25,760 [INFO] generated new fontManager
2026-09-14 16:44:27,934 [INFO] Device registered: 9990f92d03594fdcf5aeb9cbcf71abcb (version 0.0.1)
2026-09-14 16:44:32,608 [INFO] VCB: ✓ 1 dòng
2026-09-14 16:44:35,673 [INFO] VIC: ✓ 1 dòng
2026-09-14 16:44:38,257 [INFO] VHM: ✓ 1 dòng
2026-09-14 16:44:41,129 [INFO] HPG: ✓ 1 dòng
2026-09-14 16:44:43,756 [INFO] TCB: ✓ 1 dòng
2026-09-14 16:44:46,151 [INFO] MBB: ✓ 1 dòng
2026-09-14 16:44:48,756 [INFO] VNM: ✓ 1 dòng
2026-09-14 16:44:51,151 [INFO] FPT: ✓ 1 dòng
2026-09-14 16:44:53,713 [INFO] MSN: ✓ 1 dòng
2026-09-14 16:44:56,270 [INFO] BID: ✓ 1 dòng
2026-09-14 16:44:56,270 [INFO] === Xong: 10/10 tickers | 10 dòng mới ===
2026-09-15 15:23:42,630 [INFO] Fetch từ 2026-09-12 → 2026-09-14
2026-09-15 15:23:43,101 [INFO] Failed to extract font properties from /usr/share/fonts/truetype/noto/NotoColorEmoji.ttf: Non-scalable fonts are not supported
2026-09-15 15:23:43,129 [INFO] generated new fontManager
2026-09-15 15:23:45,443 [INFO] Device registered: 9990f92d03594fdcf5aeb9cbcf71abcb (version 0.0.1)
2026-09-15 15:23:51,578 [INFO] VCB: ✓ 1 dòng
2026-09-15 15:23:54,717 [INFO] VIC: ✓ 1 dòng
2026-09-15 15:23:57,839 [INFO] VHM: ✓ 1 dòng
2026-09-15 15:24:01,350 [INFO] HPG: ✓ 1 dòng
2026-09-15 15:24:04,061 [INFO] TCB: ✓ 1 dòng
2026-09-15 15:24:07,369 [INFO] MBB: ✓ 1 dòng
2026-09-15 15:24:10,208 [INFO] VNM: ✓ 1 dòng
2026-09-15 15:24:12,991 [INFO] FPT: ✓ 1 dòng
2026-09-15 15:24:15,790 [INFO] MSN: ✓ 1 dòng
2026-09-15 15:24:18,951 [INFO] BID: ✓ 1 dòng
2026-09-15 15:24:18,951 [INFO] === Xong: 10/10 tickers | 10 dòng mới ===
2026-09-16 15:16:47,627 [INFO] Fetch từ 2026-09-15 → 2026-09-15
2026-09-16 15:16:48,027 [INFO] Failed to extract font properties from /usr/share/fonts/truetype/noto/NotoColorEmoji.ttf: Non-scalable fonts are not supported
2026-09-16 15:16:48,069 [INFO] generated new fontManager
2026-09-16 15:16:51,050 [INFO] Device registered: 9990f92d03594fdcf5aeb9cbcf71abcb (version 0.0.1)
2026-09-16 15:16:57,152 [INFO] VCB: ✓ 1 dòng
2026-09-16 15:17:01,290 [INFO] VIC: ✓ 1 dòng
2026-09-16 15:17:05,657 [INFO] VHM: ✓ 1 dòng
2026-09-16 15:17:09,589 [INFO] HPG: ✓ 1 dòng
2026-09-16 15:17:13,323 [INFO] TCB: ✓ 1 dòng
2026-09-16 15:17:17,346 [INFO] MBB: ✓ 1 dòng
2026-09-16 15:17:22,712 [INFO] VNM: ✓ 1 dòng
2026-09-16 15:17:26,886 [INFO] FPT: ✓ 1 dòng
2026-09-16 15:17:30,668 [INFO] MSN: ✓ 1 dòng
2026-09-16 15:17:34,653 [INFO] BID: ✓ 1 dòng
2026-09-16 15:17:34,653 [INFO] === Xong: 10/10 tickers | 10 dòng mới ===
2026-09-17 15:24:19,492 [INFO] Fetch từ 2026-09-16 → 2026-09-16
2026-09-17 15:24:20,318 [INFO] Failed to extract font properties from /usr/share/fonts/truetype/noto/NotoColorEmoji.ttf: Non-scalable fonts are not supported
2026-09-17 15:24:20,819 [INFO] generated new fontManager
2026-09-17 15:24:27,382 [INFO] Device registered: 9990f92d03594fdcf5aeb9cbcf71abcb (version 0.0.1)
2026-09-17 15:24:34,466 [INFO] VCB: ✓ 1 dòng
2026-09-17 15:24:38,665 [INFO] VIC: ✓ 1 dòng
2026-09-17 15:24:42,259 [INFO] VHM: ✓ 1 dòng
2026-09-17 15:24:46,198 [INFO] HPG: ✓ 1 dòng
2026-09-17 15:24:49,298 [INFO] TCB: ✓ 1 dòng
2026-09-17 15:24:52,583 [INFO] MBB: ✓ 1 dòng
2026-09-17 15:24:56,031 [INFO] VNM: ✓ 1 dòng
2026-09-17 15:24:59,548 [INFO] FPT: ✓ 1 dòng
2026-09-17 15:25:03,510 [INFO] MSN: ✓ 1 dòng
2026-09-17 15:25:07,185 [INFO] BID: ✓ 1 dòng
2026-09-17 15:25:07,185 [INFO] === Xong: 10/10 tickers | 10 dòng mới ===
2026-09-18 14:44:35,947 [INFO] Fetch từ 2026-09-17 → 2026-09-17
2026-09-18 14:44:36,201 [INFO] Failed to extract font properties from /usr/share/fonts/truetype/noto/NotoColorEmoji.ttf: Non-scalable fonts are not supported
2026-09-18 14:44:36,260 [INFO] generated new fontManager
2026-09-18 14:44:39,213 [INFO] Device registered: 9990f92d03594fdcf5aeb9cbcf71abcb (version 0.0.1)
2026-09-18 14:44:45,401 [INFO] VCB: ✓ 1 dòng
2026-09-18 14:44:48,861 [INFO] VIC: ✓ 1 dòng
2026-09-18 14:44:52,558 [INFO] VHM: ✓ 1 dòng
2026-09-18 14:44:55,529 [INFO] HPG: ✓ 1 dòng
2026-09-18 14:44:59,325 [INFO] TCB: ✓ 1 dòng
2026-09-18 14:45:02,705 [INFO] MBB: ✓ 1 dòng
2026-09-18 14:45:06,205 [INFO] VNM: ✓ 1 dòng
2026-09-18 14:45:10,611 [INFO] FPT: ✓ 1 dòng
2026-09-18 14:45:14,318 [INFO] MSN: ✓ 1 dòng
2026-09-18 14:45:17,952 [INFO] BID: ✓ 1 dòng
2026-09-18 14:45:17,952 [INFO] === Xong: 10/10 tickers | 10 dòng mới ===
2026-09-22 15:20:57,457 [INFO] Fetch từ 2026-09-18 → 2026-09-21
2026-09-22 15:20:58,298 [INFO] Failed to extract font properties from /usr/share/fonts/truetype/noto/NotoColorEmoji.ttf: Non-scalable fonts are not supported
2026-09-22 15:20:59,626 [INFO] generated new fontManager
2026-09-22 15:21:02,244 [INFO] Device registered: 5c8a21d3e748f888ec31ead155962acd (version 0.0.1)
2026-09-22 15:21:08,088 [INFO] VCB: ✓ 2 dòng
2026-09-22 15:21:11,391 [INFO] VIC: ✓ 2 dòng
2026-09-22 15:21:13,865 [INFO] VHM: ✓ 2 dòng
2026-09-22 15:21:16,540 [INFO] HPG: ✓ 2 dòng
2026-09-22 15:21:19,411 [INFO] TCB: ✓ 2 dòng
2026-09-22 15:21:21,888 [INFO] MBB: ✓ 2 dòng
2026-09-22 15:21:24,368 [INFO] VNM: ✓ 2 dòng
2026-09-22 15:21:26,895 [INFO] FPT: ✓ 2 dòng
2026-09-22 15:21:29,362 [INFO] MSN: ✓ 2 dòng
2026-09-22 15:21:32,200 [INFO] BID: ✓ 2 dòng
2026-09-22 15:21:32,200 [INFO] === Xong: 10/10 tickers | 20 dòng mới ===
